
> bad-ass-tasks@0.1.0 typecheck
> tsc --noEmit

app/page.tsx(774,20): error TS18047: 'newTask' is possibly 'null'.
app/page.tsx(777,35): error TS18047: 'newTask' is possibly 'null'.
app/page.tsx(823,31): error TS18047: 'task' is possibly 'null'.
app/page.tsx(1285,25): error TS18047: 'note' is possibly 'null'.
app/page.tsx(1286,45): error TS18047: 'note' is possibly 'null'.
app/page.tsx(1521,48): error TS18047: 'newTask' is possibly 'null'.
app/page.tsx(1522,78): error TS18047: 'newTask' is possibly 'null'.
app/page.tsx(1551,48): error TS18047: 'newTask' is possibly 'null'.
app/page.tsx(1554,70): error TS18047: 'newTask' is possibly 'null'.
app/page.tsx(1559,56): error TS18047: 'newTask' is possibly 'null'.
app/page.tsx(1560,92): error TS18047: 'newTask' is possibly 'null'.
app/page.tsx(1562,50): error TS18047: 'newTask' is possibly 'null'.
app/page.tsx(1564,48): error TS18047: 'newTask' is possibly 'null'.
app/page.tsx(1802,30): error TS18047: 'oneOff' is possibly 'null'.
app/page.tsx(1890,38): error TS18047: 't' is possibly 'null'.
components/AIChatPanel.tsx(164,30): error TS18047: 'newTask' is possibly 'null'.
components/AIChatPanel.tsx(167,52): error TS18047: 'newTask' is possibly 'null'.
components/AIChatPanel.tsx(172,65): error TS18047: 'newTask' is possibly 'null'.
components/AIChatPanel.tsx(176,28): error TS18047: 'newTask' is possibly 'null'.
components/AIChatPanel.tsx(177,33): error TS18047: 'newTask' is possibly 'null'.
components/AIChatPanel.tsx(185,34): error TS18047: 'child' is possibly 'null'.
components/AIChatPanel.tsx(186,33): error TS18047: 'newTask' is possibly 'null'.
components/AIChatPanel.tsx(191,34): error TS18047: 'child' is possibly 'null'.
components/AIChatPanel.tsx(191,66): error TS18047: 'child' is possibly 'null'.
components/AIChatPanel.tsx(197,29): error TS2345: Argument of type 'Task | null' is not assignable to parameter of type 'Task'.
  Type 'null' is not assignable to type 'Task'.
components/CommandPalette.tsx(74,38): error TS18047: 'task' is possibly 'null'.
components/CommandPalette.tsx(75,22): error TS18047: 'task' is possibly 'null'.
components/CommandPalette.tsx(75,53): error TS18047: 'task' is possibly 'null'.
components/CommandPalette.tsx(90,38): error TS18047: 'note' is possibly 'null'.
store/useTaskStore.ts(535,7): error TS2322: Type '(id: string, recurringRule: string | null) => Promise<void>' is not assignable to type '(id: string, recurringRule: string | null) => Promise<boolean | null>'.
  Type 'Promise<void>' is not assignable to type 'Promise<boolean | null>'.
    Type 'void' is not assignable to type 'boolean | null'.
store/useTaskStore.ts(1405,7): error TS2322: Type '(id: string, newStatus: TaskStatus) => Promise<void>' is not assignable to type '(id: string, newStatus: TaskStatus) => Promise<boolean | null>'.
  Type 'Promise<void>' is not assignable to type 'Promise<boolean | null>'.
    Type 'void' is not assignable to type 'boolean | null'.
store/useTaskStore.ts(1528,7): error TS2322: Type '(id: string, updates: Partial<Note>) => Promise<void>' is not assignable to type '(id: string, updates: Partial<Note>) => Promise<boolean | null>'.
  Type 'Promise<void>' is not assignable to type 'Promise<boolean | null>'.
    Type 'void' is not assignable to type 'boolean | null'.
store/useTaskStore.ts(1540,7): error TS2322: Type '(id: string) => Promise<void>' is not assignable to type '(id: string) => Promise<boolean | null>'.
  Type 'Promise<void>' is not assignable to type 'Promise<boolean | null>'.
    Type 'void' is not assignable to type 'boolean | null'.
